<div id="36"><a style="behavior:url(#default#AnchorClick);">XXX</a>//["'`--&gt;]]&gt;]</div>
