<div id="37"><img src="x">//["'`--&gt;]]&gt;]</div>
