<img src="]&gt;&lt;img src=x onerror=alert(39)//">
