<div id="40"><style><img src="</style><img src="x">//["'`--&gt;]]&gt;]</div>
