<div style="content:url(data:image/svg+xml,%3Csvg/%3E);visibility:hidden"></div>//["'`--&gt;]]&gt;]
