<div id="42"><a href="/. /,alert(42)//#">XXX</a>//["'`--&gt;]]&gt;]</div>
