<div id="46"><div style="font-family:foo}color=red;">XXX</div>//["'`--&gt;]]&gt;]</div>
