<div id="55"><video><source>//["'`--&gt;]]&gt;]</video></div>
