<div id="56"><video><source></video>//["'`--&gt;]]&gt;]</div>
