<div id="60"><div style="[a]color[b]:[c]red">XXX</div>//["'`--&gt;]]&gt;]</div>
