<div id="64">]&gt;&amp;x;//["'`--&gt;]]&gt;]</div>
