<div id="65"><svg xmlns="http://www.w3.org/2000/svg"></svg>//["'`--&gt;]]&gt;]</div><div id="66"></div>
