//["'`--&gt;]]&gt;]
<div id="67">
]&gt;<img>//["'`--&gt;]]&gt;]</div>
