&lt;imgsrc=&amp;#106;&amp;#97;&amp;#118;&amp;#97;&amp;&lt;wbr&gt;#115;&amp;#99;&amp;#114;&amp;#105;&amp;#112;&amp;&lt;wbr&gt;&lt;/wbr&gt;#116;&amp;#58;&amp;#97;&lt;/imgsrc=&amp;#106;&amp;#97;&amp;#118;&amp;#97;&amp;&lt;wbr&gt;
