<div id="70"><div style="width:1px;filter:glow">x</div>//["'`--&gt;]]&gt;]</div>
