<div id="78"><img xmlns="x-schema:test.xdr">//["'`--&gt;]]&gt;]</div>
