&amp;#108;&amp;#101;&amp;&lt;wbr&gt;&lt;/wbr&gt;#114;&amp;#116;&amp;#40;&amp;#39;&amp;#88;&amp;#83&lt;wbr&gt;&lt;/wbr&gt;;&amp;#83;&amp;#39;&amp;#41&gt;
