<div id="82">//["'`--&gt;]]&gt;]</div><div id="83">//["'`--&gt;]]&gt;]</div>
