<div id="86"><input>//["'`--&gt;]]&gt;]</div><div id="87"><svg xmlns="http://www.w3.org/2000/svg">
<a><rect fill="white" height="1000" width="1000"></rect></a>
</svg>//["'`--&gt;]]&gt;]</div>
