<div id="88"><svg xmlns:xlink="http://www.w3.org/1999/xlink" xmlns="http://www.w3.org/2000/svg">



<image></image>




</svg>//["'`--&gt;]]&gt;]</div>
