<div id="91">[A]
"&gt;
"&gt;
"&gt;
[B]
"&gt;
[C]

[D]
&lt;% foo&gt;//["'`--&gt;]]&gt;]</div>
