<div id="92"><div style="background:url(http://foo.f/f oo/;color:red/*/foo.jpg);">X</div>//["'`--&gt;]]&gt;]</div>
