<div id="94"><svg xmlns="http://www.w3.org/2000/svg">

</svg>//["'`--&gt;]]&gt;]</div>
