<div id="97">
<div id="d"></div>


<div id="d"></div>
//["'`--&gt;]]&gt;]</div>
