<div id="103">//["'`--&gt;]]&gt;]</div><div id="104"><svg id="foo" xmlns="http://www.w3.org/2000/svg">

</svg>//["'`--&gt;]]&gt;]</div>
