<div id="110"><svg xmlns="http://www.w3.org/2000/svg">
<path style="marker-start:url(test4.svg#a)" d="M0,0"></path>
</svg>//["'`--&gt;]]&gt;]</div>
