<div id="112"><div style="font-family:foo{bar;background:url(http://foo.f/oo};color:red/*/foo.jpg);">X</div>//["'`--&gt;]]&gt;]</div><div id="113"><div id="x">XXX</div>
<style>

#x{font-family:foo[bar;color:green;}

#y];color:red;{}

</style>//["'`--&gt;]]&gt;]</div>
