<div id="116"><div id="x">x</div>


//["'`--&gt;]]&gt;]</div>
