<div id="118"><div>
    <h1>Drop me</h1>
</div>
//["'`--&gt;]]&gt;]</div>
