<textarea rows="10" cols="50" type="text"></textarea>//["'`--&gt;]]&gt;]
