<div id="120">

<a href="#">Spam</a>//["'`--&gt;]]&gt;]</div>
