<div id="125">]&gt;<svg xmlns="http://www.w3.org/2000/svg">        <circle r="40" fill="red"></circle></svg>//["'`--&gt;]]&gt;]</div>
