<div id="127"><svg id="x" xmlns="http://www.w3.org/2000/svg">

alert(127)
</svg>//["'`--&gt;]]&gt;]</div>
