<div id="128"><svg><style></style></svg><img src="x">//["'`--&gt;]]&gt;]</div>
