<div id="130"><math>CLICKME</math>
<math>





</math>//["'`--&gt;]]&gt;]</div>
