<img src="data:,123"><audio src="data:,456"></audio><video src="data:,789"></video><source src="data:,012"><div></div>
