123<a>CLICK</a><a>CLICK</a><a>CLICK</a><a>CLICK</a><a>CLICK</a><a>CLICK</a><a>CLICK</a><a>CLICK</a><a>CLICK</a><a>CLICK</a><a>CLICK</a><a>CLICK</a><a>CLICK</a><a>CLICK</a><a>CLICK</a><a>CLICK</a><a>CLICK</a><a>CLICK</a><a>CLICK</a>
