<img src="data:image/jpeg,ab798ewqxbaudbuoibeqbla">
