<form><hr><label>This is a searchable index. Enter search keywords: <input name="isindex" label="bypass by @giutro"></label><hr></form>
