<div id="11"><svg xmlns="http://www.w3.org/2000/svg"><g></g></svg>//["'`--&gt;]]&gt;]</div>
