<div id="14"><input value="aaaaaaaaaaaaaaaaaaaaaaaaaaaaaa!" pattern="^((a+.)a)+$">//["'`--&gt;]]&gt;]</div>
