<div id="19">\u00BCscript \u00BEalert(19)//\u00BC/script \u00BE//["'`--&gt;]]&gt;]</div>
