<div id="22"><input><input>//["'`--&gt;]]&gt;]</div>
