<div id="27"><style>p[foo=bar{}*{-o-link:'javascript:alert(27)'}{}*{-o-link-source:current}*{background:red}]{background:green};</style>//["'`--&gt;]]&gt;]</div><div id="28">1&gt;//["'`--&gt;]]&gt;]</div>
